lambda=0: 6s
lambda=5: 4s
lambda=15: 4s
lambda=35: 4s
lambda=70: 3s
lambda=150: 2s
{
  "10bp": {
    "paper window 1990-2023": {
      "jm": {
        "sharpe": 0.5110778229900544,
        "max_dd": -0.30276017216960294,
        "cagr": 0.07988415400895121
      },
      "bh": {
        "sharpe": 0.4896022745985393,
        "max_dd": -0.5456553593385385,
        "cagr": 0.10285900238978263
      },
      "time_in_market": 0.6859311150029188,
      "switches_per_year": 2.2066549912434326
    },
    "pre-sample 1950-1989": {
      "jm": {
        "sharpe": 0.34509839839672707,
        "max_dd": -0.3230352651096158,
        "cagr": 0.07908223320103791
      },
      "bh": {
        "sharpe": 0.5862606071328816,
        "max_dd": -0.481594824000078,
        "cagr": 0.12129509965749286
      },
      "time_in_market": 0.5870229760378661,
      "switches_per_year": 6.436051671432797
    },
    "post-publication 2024-2025": {
      "jm": {
        "sharpe": 0.7131104087076581,
        "max_dd": -0.10035674767481972,
        "cagr": 0.13540930331165213
      },
      "bh": {
        "sharpe": 0.9706829140904188,
        "max_dd": -0.19557597035866248,
        "cagr": 0.2179737258536072
      },
      "time_in_market": 0.8107569721115537,
      "switches_per_year": 2.00796812749004
    },
    "full 1942-2025": {
      "jm": {
        "sharpe": 0.4735001143196119,
        "max_dd": -0.32303526510961533,
        "cagr": 0.08023228392364823
      },
      "bh": {
        "sharpe": 0.5559591182177434,
        "max_dd": -0.5456553593385389,
        "cagr": 0.1138360781681198
      },
      "time_in_market": 0.6304502201391847,
      "switches_per_year": 4.772049424797614
    }
  },
  "0bp": {
    "paper window 1990-2023": {
      "jm": {
        "sharpe": 0.48174601757215085,
        "max_dd": -0.3013635280334427,
        "cagr": 0.0760429940409455
      },
      "bh": {
        "sharpe": 0.4896022745985393,
        "max_dd": -0.5456553593385385,
        "cagr": 0.10285900238978263
      },
      "time_in_market": 0.6743724460011675,
      "switches_per_year": 3.0893169877408053
    },
    "pre-sample 1950-1989": {
      "jm": {
        "sharpe": 0.7924126399664981,
        "max_dd": -0.18661378337182577,
        "cagr": 0.11141545536742026
      },
      "bh": {
        "sharpe": 0.5862606071328816,
        "max_dd": -0.481594824000078,
        "cagr": 0.12129509965749286
      },
      "time_in_market": 0.5464944285573415,
      "switches_per_year": 10.2131939650922
    },
    "post-publication 2024-2025": {
      "jm": {
        "sharpe": 0.5700984069246161,
        "max_dd": -0.10035674767481961,
        "cagr": 0.11542983081707359
      },
      "bh": {
        "sharpe": 0.9706829140904188,
        "max_dd": -0.19557597035866248,
        "cagr": 0.2179737258536072
      },
      "time_in_market": 0.7788844621513944,
      "switches_per_year": 2.00796812749004
    },
    "full 1942-2025": {
      "jm": {
        "sharpe": 0.6380544371833528,
        "max_dd": -0.30136352803344246,
        "cagr": 0.09442375318815532
      },
      "bh": {
        "sharpe": 0.5559591182177434,
        "max_dd": -0.5456553593385389,
        "cagr": 0.1138360781681198
      },
      "time_in_market": 0.6060692136533636,
      "switches_per_year": 7.038772901576481
    }
  }
}
